Starting a Gradle Daemon, 1 incompatible and 6 stopped Daemons could not be reused, use --status for details
> Task :app:checkKotlinGradlePluginConfigurationErrors SKIPPED
> Task :app:preBuild UP-TO-DATE
> Task :app:preDebugBuild UP-TO-DATE
> Task :app:generateDebugBuildConfig UP-TO-DATE
> Task :app:checkDebugAarMetadata FAILED

[Incubating] Problems report is available at: file:///C:/Users/USER/AndroidStudioProjects/peminjaman-arsip/build/reports/problems/problems-report.html
.\gradlew : 
At line:1 char:121
+ ... $env:PATH"; .\gradlew :app:compileDebugKotlin --stacktrace 2>&1 | Out ...
+                 ~~~~~~~~~~~~~~~~~~~~~~~~~~~~~~~~~~~~~~~~~~~~~~~~~~~
    + CategoryInfo          : NotSpecified: (:String) [], RemoteException
    + FullyQualifiedErrorId : NativeCommandError
 
FAILURE: Build failed with an exception.

* What went wrong:
Execution failed for task ':app:checkDebugAarMetadata'.
> Configuration `:app:debugRuntimeClasspath` contains AndroidX dependencies, but the `android.useAndroidX` property is 
not enabled, which may cause runtime issues.
  Set `android.useAndroidX=true` in the `gradle.properties` file and retry.
  The following AndroidX dependencies are detected:
  :app:debugRuntimeClasspath -> androidx.compose.ui:ui-test-manifest:1.8.2
  :app:debugRuntimeClasspath -> com.google.dagger:hilt-android:2.55 -> androidx.activity:activity:1.10.1
  :app:debugRuntimeClasspath -> androidx.hilt:hilt-work:1.2.0 -> androidx.annotation:annotation:1.9.1
  :app:debugRuntimeClasspath -> androidx.hilt:hilt-work:1.2.0 -> androidx.annotation:annotation:1.9.1 -> 
androidx.annotation:annotation-jvm:1.9.1
  :app:debugRuntimeClasspath -> androidx.core:core-ktx:1.16.0
  :app:debugRuntimeClasspath -> androidx.camera:camera-view:1.4.2 -> androidx.camera:camera-video:1.4.2 -> 
androidx.core:core:1.16.0
  :app:debugRuntimeClasspath -> com.google.dagger:hilt-android:2.55 -> 
androidx.annotation:annotation-experimental:1.4.1
  :app:debugRuntimeClasspath -> androidx.hilt:hilt-navigation-compose:1.2.0 -> androidx.hilt:hilt-navigation:1.2.0 -> 
androidx.navigation:navigation-runtime:2.9.0 -> androidx.navigation:navigation-runtime-android:2.9.0 -> 
androidx.collection:collection:1.5.0
  :app:debugRuntimeClasspath -> androidx.hilt:hilt-navigation-compose:1.2.0 -> androidx.hilt:hilt-navigation:1.2.0 -> 
androidx.navigation:navigation-runtime:2.9.0 -> androidx.navigation:navigation-runtime-android:2.9.0 -> 
androidx.collection:collection:1.5.0 -> androidx.collection:collection-jvm:1.5.0
  :app:debugRuntimeClasspath -> androidx.compose:compose-bom:2025.05.01 -> androidx.compose.ui:ui-unit-android:1.8.2 
-> androidx.collection:collection-ktx:1.5.0
  :app:debugRuntimeClasspath -> androidx.camera:camera-view:1.4.2 -> androidx.camera:camera-video:1.4.2 -> 
androidx.concurrent:concurrent-futures:1.1.0
  :app:debugRuntimeClasspath -> androidx.camera:camera-view:1.4.2 -> androidx.camera:camera-video:1.4.2 -> 
androidx.core:core:1.16.0 -> androidx.core:core-viewtree:1.0.0
  :app:debugRuntimeClasspath -> io.coil-kt:coil-compose:2.7.0 -> io.coil-kt:coil-compose-base:2.7.0 -> 
io.coil-kt:coil-base:2.7.0 -> androidx.appcompat:appcompat-resources:1.6.1 -> 
androidx.vectordrawable:vectordrawable-animated:1.1.0 -> androidx.interpolator:interpolator:1.0.0
  :app:debugRuntimeClasspath -> androidx.hilt:hilt-navigation-compose:1.2.0 -> androidx.hilt:hilt-navigation:1.2.0 -> 
androidx.navigation:navigation-runtime:2.9.0 -> androidx.navigation:navigation-runtime-android:2.9.0 -> 
androidx.lifecycle:lifecycle-runtime:2.9.0
  :app:debugRuntimeClasspath -> androidx.hilt:hilt-navigation-compose:1.2.0 -> androidx.hilt:hilt-navigation:1.2.0 -> 
androidx.navigation:navigation-runtime:2.9.0 -> androidx.navigation:navigation-runtime-android:2.9.0 -> 
androidx.lifecycle:lifecycle-runtime:2.9.0 -> androidx.lifecycle:lifecycle-runtime-android:2.9.0
  :app:debugRuntimeClasspath -> androidx.hilt:hilt-navigation-compose:1.2.0 -> androidx.hilt:hilt-navigation:1.2.0 -> 
androidx.navigation:navigation-runtime:2.9.0 -> androidx.navigation:navigation-runtime-android:2.9.0 -> 
androidx.lifecycle:lifecycle-runtime:2.9.0 -> androidx.lifecycle:lifecycle-runtime-android:2.9.0 -> 
androidx.arch.core:core-common:2.2.0
  :app:debugRuntimeClasspath -> androidx.hilt:hilt-navigation-compose:1.2.0 -> androidx.hilt:hilt-navigation:1.2.0 -> 
androidx.navigation:navigation-runtime:2.9.0 -> androidx.navigation:navigation-runtime-android:2.9.0 -> 
androidx.lifecycle:lifecycle-runtime:2.9.0 -> androidx.lifecycle:lifecycle-runtime-android:2.9.0 -> 
androidx.arch.core:core-runtime:2.2.0
  :app:debugRuntimeClasspath -> com.google.dagger:hilt-android:2.55 -> androidx.lifecycle:lifecycle-common:2.9.0
  :app:debugRuntimeClasspath -> com.google.dagger:hilt-android:2.55 -> androidx.lifecycle:lifecycle-common:2.9.0 -> 
androidx.lifecycle:lifecycle-common-jvm:2.9.0
  :app:debugRuntimeClasspath -> androidx.compose:compose-bom:2025.05.01 -> 
androidx.compose.material3:material3-android:1.3.2 -> androidx.lifecycle:lifecycle-common-java8:2.9.0
  :app:debugRuntimeClasspath -> androidx.camera:camera-core:1.4.2 -> androidx.lifecycle:lifecycle-livedata:2.9.0
  :app:debugRuntimeClasspath -> com.google.dagger:hilt-android:2.55 -> androidx.fragment:fragment:1.5.1 -> 
androidx.lifecycle:lifecycle-livedata-core:2.9.0
  :app:debugRuntimeClasspath -> androidx.camera:camera-view:1.4.2 -> androidx.appcompat:appcompat:1.6.1 -> 
androidx.emoji2:emoji2:1.4.0 -> androidx.lifecycle:lifecycle-process:2.9.0 -> 
androidx.lifecycle:lifecycle-livedata-core-ktx:2.9.0
  :app:debugRuntimeClasspath -> androidx.lifecycle:lifecycle-runtime-compose:2.9.0
  :app:debugRuntimeClasspath -> androidx.lifecycle:lifecycle-runtime-compose:2.9.0 -> 
androidx.lifecycle:lifecycle-runtime-compose-android:2.9.0
  :app:debugRuntimeClasspath -> androidx.hilt:hilt-navigation-compose:1.2.0 -> androidx.compose.runtime:runtime:1.8.2
  :app:debugRuntimeClasspath -> androidx.compose:compose-bom:2025.05.01 -> 
androidx.compose.runtime:runtime-android:1.8.2
  :app:debugRuntimeClasspath -> androidx.compose:compose-bom:2025.05.01 -> 
androidx.compose.runtime:runtime-saveable:1.8.2
  :app:debugRuntimeClasspath -> androidx.compose:compose-bom:2025.05.01 -> 
androidx.compose.runtime:runtime-saveable-android:1.8.2
  :app:debugRuntimeClasspath -> androidx.lifecycle:lifecycle-runtime-ktx:2.9.0
  :app:debugRuntimeClasspath -> androidx.lifecycle:lifecycle-runtime-ktx:2.9.0 -> 
androidx.lifecycle:lifecycle-runtime-ktx-android:2.9.0
  :app:debugRuntimeClasspath -> com.google.dagger:hilt-android:2.55 -> androidx.lifecycle:lifecycle-viewmodel:2.9.0
  :app:debugRuntimeClasspath -> com.google.dagger:hilt-android:2.55 -> androidx.lifecycle:lifecycle-viewmodel:2.9.0 -> 
androidx.lifecycle:lifecycle-viewmodel-android:2.9.0
  :app:debugRuntimeClasspath -> androidx.hilt:hilt-work:1.2.0 -> androidx.work:work-runtime:2.10.1 -> 
androidx.lifecycle:lifecycle-service:2.9.0
  :app:debugRuntimeClasspath -> androidx.lifecycle:lifecycle-viewmodel-compose:2.9.0
  :app:debugRuntimeClasspath -> androidx.lifecycle:lifecycle-viewmodel-compose:2.9.0 -> 
androidx.lifecycle:lifecycle-viewmodel-compose-android:2.9.0
  :app:debugRuntimeClasspath -> androidx.compose.ui:ui:1.8.2
  :app:debugRuntimeClasspath -> androidx.compose:compose-bom:2025.05.01 -> androidx.compose.ui:ui-android:1.8.2
  :app:debugRuntimeClasspath -> androidx.hilt:hilt-navigation-compose:1.2.0 -> androidx.hilt:hilt-navigation:1.2.0 -> 
androidx.navigation:navigation-runtime:2.9.0 -> androidx.navigation:navigation-runtime-android:2.9.0 -> 
androidx.activity:activity-ktx:1.10.1
  :app:debugRuntimeClasspath -> androidx.hilt:hilt-navigation-compose:1.2.0 -> androidx.hilt:hilt-navigation:1.2.0 -> 
androidx.navigation:navigation-runtime:2.9.0 -> androidx.navigation:navigation-runtime-android:2.9.0 -> 
androidx.lifecycle:lifecycle-viewmodel-ktx:2.9.0
  :app:debugRuntimeClasspath -> com.google.dagger:hilt-android:2.55 -> 
androidx.lifecycle:lifecycle-viewmodel-savedstate:2.9.0
  :app:debugRuntimeClasspath -> com.google.dagger:hilt-android:2.55 -> 
androidx.lifecycle:lifecycle-viewmodel-savedstate:2.9.0 -> 
androidx.lifecycle:lifecycle-viewmodel-savedstate-android:2.9.0
  :app:debugRuntimeClasspath -> com.google.dagger:hilt-android:2.55 -> androidx.savedstate:savedstate:1.3.0
  :app:debugRuntimeClasspath -> com.google.dagger:hilt-android:2.55 -> androidx.savedstate:savedstate:1.3.0 -> 
androidx.savedstate:savedstate-android:1.3.0
  :app:debugRuntimeClasspath -> androidx.navigation:navigation-compose:2.9.0 -> 
androidx.navigation:navigation-compose-android:2.9.0 -> androidx.savedstate:savedstate-compose:1.3.0
  :app:debugRuntimeClasspath -> androidx.navigation:navigation-compose:2.9.0 -> 
androidx.navigation:navigation-compose-android:2.9.0 -> androidx.savedstate:savedstate-compose:1.3.0 -> 
androidx.savedstate:savedstate-compose-android:1.3.0
  :app:debugRuntimeClasspath -> androidx.hilt:hilt-navigation-compose:1.2.0 -> androidx.hilt:hilt-navigation:1.2.0 -> 
androidx.navigation:navigation-runtime:2.9.0 -> androidx.navigation:navigation-runtime-android:2.9.0 -> 
androidx.navigation:navigation-common:2.9.0 -> androidx.navigation:navigation-common-android:2.9.0 -> 
androidx.savedstate:savedstate-ktx:1.3.0
  :app:debugRuntimeClasspath -> androidx.camera:camera-view:1.4.2 -> androidx.appcompat:appcompat:1.6.1 -> 
androidx.emoji2:emoji2:1.4.0 -> androidx.lifecycle:lifecycle-process:2.9.0
  :app:debugRuntimeClasspath -> androidx.hilt:hilt-work:1.2.0 -> androidx.work:work-runtime:2.10.1 -> 
androidx.startup:startup-runtime:1.1.1
  :app:debugRuntimeClasspath -> androidx.camera:camera-camera2:1.4.2 -> androidx.tracing:tracing:1.2.0
  :app:debugRuntimeClasspath -> androidx.camera:camera-lifecycle:1.4.2 -> androidx.tracing:tracing-ktx:1.2.0
  :app:debugRuntimeClasspath -> androidx.activity:activity-compose:1.10.1
  :app:debugRuntimeClasspath -> androidx.compose:compose-bom:2025.05.01 -> androidx.compose.ui:ui-android:1.8.2 -> 
androidx.autofill:autofill:1.0.0
  :app:debugRuntimeClasspath -> androidx.compose:compose-bom:2025.05.01 -> androidx.compose.ui:ui-geometry:1.8.2
  :app:debugRuntimeClasspath -> androidx.compose:compose-bom:2025.05.01 -> 
androidx.compose.ui:ui-geometry-android:1.8.2
  :app:debugRuntimeClasspath -> androidx.compose:compose-bom:2025.05.01 -> androidx.compose.ui:ui-util:1.8.2
  :app:debugRuntimeClasspath -> androidx.compose:compose-bom:2025.05.01 -> androidx.compose.ui:ui-util-android:1.8.2
  :app:debugRuntimeClasspath -> androidx.compose.ui:ui-graphics:1.8.2
  :app:debugRuntimeClasspath -> androidx.compose:compose-bom:2025.05.01 -> 
androidx.compose.ui:ui-graphics-android:1.8.2
  :app:debugRuntimeClasspath -> androidx.compose:compose-bom:2025.05.01 -> androidx.compose.ui:ui-unit:1.8.2
  :app:debugRuntimeClasspath -> androidx.compose:compose-bom:2025.05.01 -> androidx.compose.ui:ui-unit-android:1.8.2
  :app:debugRuntimeClasspath -> androidx.compose:compose-bom:2025.05.01 -> androidx.compose.ui:ui-text:1.8.2
  :app:debugRuntimeClasspath -> androidx.compose:compose-bom:2025.05.01 -> androidx.compose.ui:ui-text-android:1.8.2
  :app:debugRuntimeClasspath -> androidx.camera:camera-view:1.4.2 -> androidx.appcompat:appcompat:1.6.1 -> 
androidx.emoji2:emoji2:1.4.0
  :app:debugRuntimeClasspath -> androidx.camera:camera-view:1.4.2 -> androidx.appcompat:appcompat:1.6.1 -> 
androidx.emoji2:emoji2-views-helper:1.4.0
  :app:debugRuntimeClasspath -> androidx.compose.ui:ui-text-google-fonts:1.8.2
  :app:debugRuntimeClasspath -> androidx.compose.ui:ui-tooling:1.8.2
  :app:debugRuntimeClasspath -> androidx.compose:compose-bom:2025.05.01 -> androidx.compose.ui:ui-tooling-android:1.8.2
  :app:debugRuntimeClasspath -> androidx.compose:compose-bom:2025.05.01 -> androidx.compose.animation:animation:1.8.2
  :app:debugRuntimeClasspath -> androidx.compose:compose-bom:2025.05.01 -> 
androidx.compose.animation:animation-android:1.8.2
  :app:debugRuntimeClasspath -> androidx.compose:compose-bom:2025.05.01 -> 
androidx.compose.animation:animation-core:1.8.2
  :app:debugRuntimeClasspath -> androidx.compose:compose-bom:2025.05.01 -> 
androidx.compose.animation:animation-core-android:1.8.2
  :app:debugRuntimeClasspath -> androidx.compose:compose-bom:2025.05.01 -> 
androidx.compose.foundation:foundation-layout:1.8.2
  :app:debugRuntimeClasspath -> androidx.compose:compose-bom:2025.05.01 -> 
androidx.compose.foundation:foundation-layout-android:1.8.2
  :app:debugRuntimeClasspath -> androidx.compose:compose-bom:2025.05.01 -> androidx.compose.foundation:foundation:1.8.2
  :app:debugRuntimeClasspath -> androidx.compose:compose-bom:2025.05.01 -> 
androidx.compose.foundation:foundation-android:1.8.2
  :app:debugRuntimeClasspath -> androidx.compose:compose-bom:2025.05.01 -> androidx.compose.material:material:1.8.2
  :app:debugRuntimeClasspath -> androidx.compose:compose-bom:2025.05.01 -> 
androidx.compose.material:material-android:1.8.2
  :app:debugRuntimeClasspath -> androidx.compose:compose-bom:2025.05.01 -> 
androidx.compose.material:material-ripple:1.8.2
  :app:debugRuntimeClasspath -> androidx.compose:compose-bom:2025.05.01 -> 
androidx.compose.material:material-ripple-android:1.8.2
  :app:debugRuntimeClasspath -> androidx.compose:compose-bom:2025.05.01 -> androidx.compose.ui:ui-tooling-data:1.8.2
  :app:debugRuntimeClasspath -> androidx.compose:compose-bom:2025.05.01 -> 
androidx.compose.ui:ui-tooling-data-android:1.8.2
  :app:debugRuntimeClasspath -> androidx.compose.ui:ui-tooling-preview:1.8.2
  :app:debugRuntimeClasspath -> androidx.compose:compose-bom:2025.05.01 -> 
androidx.compose.ui:ui-tooling-preview-android:1.8.2
  :app:debugRuntimeClasspath -> androidx.compose:compose-bom:2025.05.01 -> 
androidx.compose.ui:ui-graphics-android:1.8.2 -> androidx.graphics:graphics-path:1.0.1
  :app:debugRuntimeClasspath -> androidx.compose:compose-bom:2025.05.01 -> androidx.compose.ui:ui-android:1.8.2 -> 
androidx.customview:customview-poolingcontainer:1.0.0
  :app:debugRuntimeClasspath -> androidx.hilt:hilt-navigation-compose:1.2.0 -> androidx.hilt:hilt-navigation:1.2.0 -> 
androidx.navigation:navigation-runtime:2.9.0 -> androidx.navigation:navigation-runtime-android:2.9.0 -> 
androidx.navigation:navigation-common:2.9.0 -> androidx.navigation:navigation-common-android:2.9.0 -> 
androidx.profileinstaller:profileinstaller:1.4.0
  :app:debugRuntimeClasspath -> androidx.camera:camera-view:1.4.2 -> androidx.camera:camera-video:1.4.2 -> 
androidx.core:core:1.16.0 -> androidx.versionedparcelable:versionedparcelable:1.1.1
  :app:debugRuntimeClasspath -> androidx.compose:compose-bom:2025.05.01
  :app:debugRuntimeClasspath -> androidx.compose.material:material-icons-extended:1.7.8
  :app:debugRuntimeClasspath -> androidx.compose:compose-bom:2025.05.01 -> 
androidx.compose.material:material-icons-extended-android:1.7.8
  :app:debugRuntimeClasspath -> androidx.compose:compose-bom:2025.05.01 -> 
androidx.compose.material:material-icons-core:1.7.8
  :app:debugRuntimeClasspath -> androidx.compose:compose-bom:2025.05.01 -> 
androidx.compose.material:material-icons-core-android:1.7.8
  :app:debugRuntimeClasspath -> androidx.compose.material3:material3:1.3.2
  :app:debugRuntimeClasspath -> androidx.compose:compose-bom:2025.05.01 -> 
androidx.compose.material3:material3-android:1.3.2
  :app:debugRuntimeClasspath -> androidx.navigation:navigation-compose:2.9.0
  :app:debugRuntimeClasspath -> androidx.navigation:navigation-compose:2.9.0 -> 
androidx.navigation:navigation-compose-android:2.9.0
  :app:debugRuntimeClasspath -> androidx.hilt:hilt-navigation-compose:1.2.0 -> androidx.hilt:hilt-navigation:1.2.0 -> 
androidx.navigation:navigation-runtime:2.9.0 -> androidx.navigation:navigation-runtime-android:2.9.0 -> 
androidx.navigation:navigation-common:2.9.0
  :app:debugRuntimeClasspath -> androidx.hilt:hilt-navigation-compose:1.2.0 -> androidx.hilt:hilt-navigation:1.2.0 -> 
androidx.navigation:navigation-runtime:2.9.0 -> androidx.navigation:navigation-runtime-android:2.9.0 -> 
androidx.navigation:navigation-common:2.9.0 -> androidx.navigation:navigation-common-android:2.9.0
  :app:debugRuntimeClasspath -> androidx.hilt:hilt-navigation-compose:1.2.0 -> androidx.hilt:hilt-navigation:1.2.0 -> 
androidx.navigation:navigation-runtime:2.9.0
  :app:debugRuntimeClasspath -> androidx.hilt:hilt-navigation-compose:1.2.0 -> androidx.hilt:hilt-navigation:1.2.0 -> 
androidx.navigation:navigation-runtime:2.9.0 -> androidx.navigation:navigation-runtime-android:2.9.0
  :app:debugRuntimeClasspath -> com.google.dagger:hilt-android:2.55 -> androidx.fragment:fragment:1.5.1
  :app:debugRuntimeClasspath -> com.google.dagger:hilt-android:2.55 -> androidx.fragment:fragment:1.5.1 -> 
androidx.loader:loader:1.0.0
  :app:debugRuntimeClasspath -> com.google.dagger:hilt-android:2.55 -> androidx.fragment:fragment:1.5.1 -> 
androidx.viewpager:viewpager:1.0.0
  :app:debugRuntimeClasspath -> com.google.dagger:hilt-android:2.55 -> androidx.fragment:fragment:1.5.1 -> 
androidx.viewpager:viewpager:1.0.0 -> androidx.customview:customview:1.0.0
  :app:debugRuntimeClasspath -> androidx.hilt:hilt-navigation-compose:1.2.0
  :app:debugRuntimeClasspath -> androidx.hilt:hilt-navigation-compose:1.2.0 -> androidx.hilt:hilt-navigation:1.2.0
  :app:debugRuntimeClasspath -> androidx.hilt:hilt-work:1.2.0
  :app:debugRuntimeClasspath -> androidx.hilt:hilt-work:1.2.0 -> androidx.hilt:hilt-common:1.2.0
  :app:debugRuntimeClasspath -> androidx.hilt:hilt-work:1.2.0 -> androidx.work:work-runtime:2.10.1
  :app:debugRuntimeClasspath -> androidx.camera:camera-lifecycle:1.4.2 -> 
androidx.concurrent:concurrent-futures-ktx:1.1.0
  :app:debugRuntimeClasspath -> androidx.room:room-ktx:2.7.1
  :app:debugRuntimeClasspath -> androidx.room:room-runtime:2.7.1 -> androidx.room:room-runtime-android:2.7.1 -> 
androidx.room:room-common:2.7.1
  :app:debugRuntimeClasspath -> androidx.room:room-runtime:2.7.1 -> androidx.room:room-runtime-android:2.7.1 -> 
androidx.room:room-common:2.7.1 -> androidx.room:room-common-jvm:2.7.1
  :app:debugRuntimeClasspath -> androidx.room:room-runtime:2.7.1
  :app:debugRuntimeClasspath -> androidx.room:room-runtime:2.7.1 -> androidx.room:room-runtime-android:2.7.1
  :app:debugRuntimeClasspath -> androidx.room:room-runtime:2.7.1 -> androidx.room:room-runtime-android:2.7.1 -> 
androidx.sqlite:sqlite:2.5.0
  :app:debugRuntimeClasspath -> androidx.room:room-runtime:2.7.1 -> androidx.room:room-runtime-android:2.7.1 -> 
androidx.sqlite:sqlite:2.5.0 -> androidx.sqlite:sqlite-android:2.5.0
  :app:debugRuntimeClasspath -> androidx.room:room-runtime:2.7.1 -> androidx.room:room-runtime-android:2.7.1 -> 
androidx.sqlite:sqlite-framework:2.5.0
  :app:debugRuntimeClasspath -> androidx.room:room-runtime:2.7.1 -> androidx.room:room-runtime-android:2.7.1 -> 
androidx.sqlite:sqlite-framework:2.5.0 -> androidx.sqlite:sqlite-framework-android:2.5.0
  :app:debugRuntimeClasspath -> androidx.work:work-runtime-ktx:2.10.1
  :app:debugRuntimeClasspath -> androidx.datastore:datastore-preferences:1.1.4
  :app:debugRuntimeClasspath -> androidx.datastore:datastore-preferences:1.1.4 -> 
androidx.datastore:datastore-preferences-android:1.1.4
  :app:debugRuntimeClasspath -> androidx.datastore:datastore-preferences:1.1.4 -> 
androidx.datastore:datastore-preferences-android:1.1.4 -> androidx.datastore:datastore-preferences-core:1.1.4 -> 
androidx.datastore:datastore-preferences-core-jvm:1.1.4 -> androidx.datastore:datastore-preferences-proto:1.1.4 -> 
androidx.datastore:datastore-core:1.1.4 -> androidx.datastore:datastore-core-android:1.1.4 -> 
androidx.datastore:datastore-core-okio:1.1.4 -> androidx.datastore:datastore-core-okio-jvm:1.1.4 -> 
androidx.datastore:datastore-preferences-external-protobuf:1.1.4 -> androidx.datastore:datastore:1.1.4
  :app:debugRuntimeClasspath -> androidx.datastore:datastore-preferences:1.1.4 -> 
androidx.datastore:datastore-preferences-android:1.1.4 -> androidx.datastore:datastore-preferences-core:1.1.4 -> 
androidx.datastore:datastore-preferences-core-jvm:1.1.4 -> androidx.datastore:datastore-preferences-proto:1.1.4 -> 
androidx.datastore:datastore-core:1.1.4 -> androidx.datastore:datastore-core-android:1.1.4 -> 
androidx.datastore:datastore-core-okio:1.1.4 -> androidx.datastore:datastore-core-okio-jvm:1.1.4 -> 
androidx.datastore:datastore-preferences-external-protobuf:1.1.4 -> androidx.datastore:datastore:1.1.4 -> 
androidx.datastore:datastore-android:1.1.4
  :app:debugRuntimeClasspath -> androidx.datastore:datastore-preferences:1.1.4 -> 
androidx.datastore:datastore-preferences-android:1.1.4 -> androidx.datastore:datastore:1.1.4 -> 
androidx.datastore:datastore-android:1.1.4 -> androidx.datastore:datastore-preferences-core:1.1.4 -> 
androidx.datastore:datastore-preferences-core-jvm:1.1.4 -> androidx.datastore:datastore-preferences-proto:1.1.4 -> 
androidx.datastore:datastore-core-okio:1.1.4 -> androidx.datastore:datastore-core-okio-jvm:1.1.4 -> 
androidx.datastore:datastore-preferences-external-protobuf:1.1.4 -> androidx.datastore:datastore-core:1.1.4
  :app:debugRuntimeClasspath -> androidx.datastore:datastore-preferences:1.1.4 -> 
androidx.datastore:datastore-preferences-android:1.1.4 -> androidx.datastore:datastore:1.1.4 -> 
androidx.datastore:datastore-android:1.1.4 -> androidx.datastore:datastore-preferences-core:1.1.4 -> 
androidx.datastore:datastore-preferences-core-jvm:1.1.4 -> androidx.datastore:datastore-preferences-proto:1.1.4 -> 
androidx.datastore:datastore-core-okio:1.1.4 -> androidx.datastore:datastore-core-okio-jvm:1.1.4 -> 
androidx.datastore:datastore-preferences-external-protobuf:1.1.4 -> androidx.datastore:datastore-core:1.1.4 -> 
androidx.datastore:datastore-core-android:1.1.4
  :app:debugRuntimeClasspath -> androidx.datastore:datastore-preferences:1.1.4 -> 
androidx.datastore:datastore-preferences-android:1.1.4 -> androidx.datastore:datastore:1.1.4 -> 
androidx.datastore:datastore-android:1.1.4 -> androidx.datastore:datastore-preferences-core:1.1.4 -> 
androidx.datastore:datastore-preferences-core-jvm:1.1.4 -> androidx.datastore:datastore-preferences-proto:1.1.4 -> 
androidx.datastore:datastore-core:1.1.4 -> androidx.datastore:datastore-core-android:1.1.4 -> 
androidx.datastore:datastore-preferences-external-protobuf:1.1.4 -> androidx.datastore:datastore-core-okio:1.1.4
  :app:debugRuntimeClasspath -> androidx.datastore:datastore-preferences:1.1.4 -> 
androidx.datastore:datastore-preferences-android:1.1.4 -> androidx.datastore:datastore:1.1.4 -> 
androidx.datastore:datastore-android:1.1.4 -> androidx.datastore:datastore-preferences-core:1.1.4 -> 
androidx.datastore:datastore-preferences-core-jvm:1.1.4 -> androidx.datastore:datastore-preferences-proto:1.1.4 -> 
androidx.datastore:datastore-core:1.1.4 -> androidx.datastore:datastore-core-android:1.1.4 -> 
androidx.datastore:datastore-preferences-external-protobuf:1.1.4 -> androidx.datastore:datastore-core-okio:1.1.4 -> 
androidx.datastore:datastore-core-okio-jvm:1.1.4
  :app:debugRuntimeClasspath -> androidx.datastore:datastore-preferences:1.1.4 -> 
androidx.datastore:datastore-preferences-android:1.1.4 -> androidx.datastore:datastore:1.1.4 -> 
androidx.datastore:datastore-android:1.1.4 -> androidx.datastore:datastore-preferences-proto:1.1.4 -> 
androidx.datastore:datastore-core:1.1.4 -> androidx.datastore:datastore-core-android:1.1.4 -> 
androidx.datastore:datastore-core-okio:1.1.4 -> androidx.datastore:datastore-core-okio-jvm:1.1.4 -> 
androidx.datastore:datastore-preferences-external-protobuf:1.1.4 -> androidx.datastore:datastore-preferences-core:1.1.4
  :app:debugRuntimeClasspath -> androidx.datastore:datastore-preferences:1.1.4 -> 
androidx.datastore:datastore-preferences-android:1.1.4 -> androidx.datastore:datastore:1.1.4 -> 
androidx.datastore:datastore-android:1.1.4 -> androidx.datastore:datastore-preferences-proto:1.1.4 -> 
androidx.datastore:datastore-core:1.1.4 -> androidx.datastore:datastore-core-android:1.1.4 -> 
androidx.datastore:datastore-core-okio:1.1.4 -> androidx.datastore:datastore-core-okio-jvm:1.1.4 -> 
androidx.datastore:datastore-preferences-external-protobuf:1.1.4 -> 
androidx.datastore:datastore-preferences-core:1.1.4 -> androidx.datastore:datastore-preferences-core-jvm:1.1.4
  :app:debugRuntimeClasspath -> androidx.datastore:datastore-preferences:1.1.4 -> 
androidx.datastore:datastore-preferences-android:1.1.4 -> androidx.datastore:datastore:1.1.4 -> 
androidx.datastore:datastore-android:1.1.4 -> androidx.datastore:datastore-preferences-core:1.1.4 -> 
androidx.datastore:datastore-preferences-core-jvm:1.1.4 -> androidx.datastore:datastore-core:1.1.4 -> 
androidx.datastore:datastore-core-android:1.1.4 -> androidx.datastore:datastore-core-okio:1.1.4 -> 
androidx.datastore:datastore-core-okio-jvm:1.1.4 -> androidx.datastore:datastore-preferences-external-protobuf:1.1.4 
-> androidx.datastore:datastore-preferences-proto:1.1.4
  :app:debugRuntimeClasspath -> androidx.datastore:datastore-preferences:1.1.4 -> 
androidx.datastore:datastore-preferences-android:1.1.4 -> androidx.datastore:datastore:1.1.4 -> 
androidx.datastore:datastore-android:1.1.4 -> androidx.datastore:datastore-preferences-core:1.1.4 -> 
androidx.datastore:datastore-preferences-core-jvm:1.1.4 -> androidx.datastore:datastore-preferences-proto:1.1.4 -> 
androidx.datastore:datastore-core:1.1.4 -> androidx.datastore:datastore-core-android:1.1.4 -> 
androidx.datastore:datastore-core-okio:1.1.4 -> androidx.datastore:datastore-core-okio-jvm:1.1.4 -> 
androidx.datastore:datastore-preferences-external-protobuf:1.1.4
  :app:debugRuntimeClasspath -> androidx.camera:camera-core:1.4.2
  :app:debugRuntimeClasspath -> androidx.camera:camera-core:1.4.2 -> androidx.exifinterface:exifinterface:1.3.7
  :app:debugRuntimeClasspath -> androidx.camera:camera-camera2:1.4.2
  :app:debugRuntimeClasspath -> androidx.camera:camera-lifecycle:1.4.2
  :app:debugRuntimeClasspath -> androidx.camera:camera-view:1.4.2
  :app:debugRuntimeClasspath -> androidx.camera:camera-view:1.4.2 -> androidx.appcompat:appcompat:1.6.1
  :app:debugRuntimeClasspath -> io.coil-kt:coil-compose:2.7.0 -> io.coil-kt:coil-compose-base:2.7.0 -> 
io.coil-kt:coil-base:2.7.0 -> androidx.appcompat:appcompat-resources:1.6.1
  :app:debugRuntimeClasspath -> io.coil-kt:coil-compose:2.7.0 -> io.coil-kt:coil-compose-base:2.7.0 -> 
io.coil-kt:coil-base:2.7.0 -> androidx.appcompat:appcompat-resources:1.6.1 -> 
androidx.vectordrawable:vectordrawable:1.1.0
  :app:debugRuntimeClasspath -> io.coil-kt:coil-compose:2.7.0 -> io.coil-kt:coil-compose-base:2.7.0 -> 
io.coil-kt:coil-base:2.7.0 -> androidx.appcompat:appcompat-resources:1.6.1 -> 
androidx.vectordrawable:vectordrawable-animated:1.1.0
  :app:debugRuntimeClasspath -> androidx.camera:camera-view:1.4.2 -> androidx.appcompat:appcompat:1.6.1 -> 
androidx.cursoradapter:cursoradapter:1.0.0
  :app:debugRuntimeClasspath -> androidx.camera:camera-view:1.4.2 -> androidx.appcompat:appcompat:1.6.1 -> 
androidx.drawerlayout:drawerlayout:1.0.0
  :app:debugRuntimeClasspath -> androidx.camera:camera-view:1.4.2 -> androidx.appcompat:appcompat:1.6.1 -> 
androidx.resourceinspection:resourceinspection-annotation:1.0.1
  :app:debugRuntimeClasspath -> androidx.camera:camera-view:1.4.2 -> androidx.camera:camera-video:1.4.2

* Try:
> Run with --info or --debug option to get more log output.
> Run with --scan to get full insights from a Build Scan (powered by Develocity).
> Get more help at https://help.gradle.org.

* Exception is:
org.gradle.api.tasks.TaskExecutionException: Execution failed for task ':app:checkDebugAarMetadata'.
	at org.gradle.api.internal.tasks.execution.CatchExceptionTaskExecuter.execute(CatchExceptionTaskExecuter.java:38)
	at org.gradle.api.internal.tasks.execution.EventFiringTaskExecuter$1.executeTask(EventFiringTaskExecuter.java:77)
	at org.gradle.api.internal.tasks.execution.EventFiringTaskExecuter$1.call(EventFiringTaskExecuter.java:55)
	at org.gradle.api.internal.tasks.execution.EventFiringTaskExecuter$1.call(EventFiringTaskExecuter.java:52)
	at org.gradle.internal.operations.DefaultBuildOperationRunner$CallableBuildOperationWorker.execute(DefaultBuildOperati
onRunner.java:210)
	at org.gradle.internal.operations.DefaultBuildOperationRunner$CallableBuildOperationWorker.execute(DefaultBuildOperati
onRunner.java:205)
	at org.gradle.internal.operations.DefaultBuildOperationRunner$2.execute(DefaultBuildOperationRunner.java:67)
	at org.gradle.internal.operations.DefaultBuildOperationRunner$2.execute(DefaultBuildOperationRunner.java:60)
	at org.gradle.internal.operations.DefaultBuildOperationRunner.execute(DefaultBuildOperationRunner.java:167)
	at org.gradle.internal.operations.DefaultBuildOperationRunner.execute(DefaultBuildOperationRunner.java:60)
	at org.gradle.internal.operations.DefaultBuildOperationRunner.call(DefaultBuildOperationRunner.java:54)
	at org.gradle.api.internal.tasks.execution.EventFiringTaskExecuter.execute(EventFiringTaskExecuter.java:52)
	at org.gradle.execution.plan.DefaultNodeExecutor.executeLocalTaskNode(DefaultNodeExecutor.java:55)
	at org.gradle.execution.plan.DefaultNodeExecutor.execute(DefaultNodeExecutor.java:34)
	at org.gradle.execution.taskgraph.DefaultTaskExecutionGraph$InvokeNodeExecutorsAction.execute(DefaultTaskExecutionGrap
h.java:355)
	at org.gradle.execution.taskgraph.DefaultTaskExecutionGraph$InvokeNodeExecutorsAction.execute(DefaultTaskExecutionGrap
h.java:343)
	at org.gradle.execution.taskgraph.DefaultTaskExecutionGraph$BuildOperationAwareExecutionAction.lambda$execute$0(Defaul
tTaskExecutionGraph.java:339)
	at org.gradle.internal.operations.CurrentBuildOperationRef.with(CurrentBuildOperationRef.java:84)
	at org.gradle.execution.taskgraph.DefaultTaskExecutionGraph$BuildOperationAwareExecutionAction.execute(DefaultTaskExec
utionGraph.java:339)
	at org.gradle.execution.taskgraph.DefaultTaskExecutionGraph$BuildOperationAwareExecutionAction.execute(DefaultTaskExec
utionGraph.java:328)
	at org.gradle.execution.plan.DefaultPlanExecutor$ExecutorWorker.execute(DefaultPlanExecutor.java:459)
	at org.gradle.execution.plan.DefaultPlanExecutor$ExecutorWorker.run(DefaultPlanExecutor.java:376)
	at org.gradle.internal.concurrent.ExecutorPolicy$CatchAndRecordFailures.onExecute(ExecutorPolicy.java:64)
	at org.gradle.internal.concurrent.AbstractManagedExecutor$1.run(AbstractManagedExecutor.java:47)
Caused by: com.android.builder.errors.EvalIssueException: Configuration `:app:debugRuntimeClasspath` contains AndroidX 
dependencies, but the `android.useAndroidX` property is not enabled, which may cause runtime issues.
Set `android.useAndroidX=true` in the `gradle.properties` file and retry.
The following AndroidX dependencies are detected:
:app:debugRuntimeClasspath -> androidx.compose.ui:ui-test-manifest:1.8.2
:app:debugRuntimeClasspath -> com.google.dagger:hilt-android:2.55 -> androidx.activity:activity:1.10.1
:app:debugRuntimeClasspath -> androidx.hilt:hilt-work:1.2.0 -> androidx.annotation:annotation:1.9.1
:app:debugRuntimeClasspath -> androidx.hilt:hilt-work:1.2.0 -> androidx.annotation:annotation:1.9.1 -> 
androidx.annotation:annotation-jvm:1.9.1
:app:debugRuntimeClasspath -> androidx.core:core-ktx:1.16.0
:app:debugRuntimeClasspath -> androidx.camera:camera-view:1.4.2 -> androidx.camera:camera-video:1.4.2 -> 
androidx.core:core:1.16.0
:app:debugRuntimeClasspath -> com.google.dagger:hilt-android:2.55 -> androidx.annotation:annotation-experimental:1.4.1
:app:debugRuntimeClasspath -> androidx.hilt:hilt-navigation-compose:1.2.0 -> androidx.hilt:hilt-navigation:1.2.0 -> 
androidx.navigation:navigation-runtime:2.9.0 -> androidx.navigation:navigation-runtime-android:2.9.0 -> 
androidx.collection:collection:1.5.0
:app:debugRuntimeClasspath -> androidx.hilt:hilt-navigation-compose:1.2.0 -> androidx.hilt:hilt-navigation:1.2.0 -> 
androidx.navigation:navigation-runtime:2.9.0 -> androidx.navigation:navigation-runtime-android:2.9.0 -> 
androidx.collection:collection:1.5.0 -> androidx.collection:collection-jvm:1.5.0
:app:debugRuntimeClasspath -> androidx.compose:compose-bom:2025.05.01 -> androidx.compose.ui:ui-unit-android:1.8.2 -> 
androidx.collection:collection-ktx:1.5.0
:app:debugRuntimeClasspath -> androidx.camera:camera-view:1.4.2 -> androidx.camera:camera-video:1.4.2 -> 
androidx.concurrent:concurrent-futures:1.1.0
:app:debugRuntimeClasspath -> androidx.camera:camera-view:1.4.2 -> androidx.camera:camera-video:1.4.2 -> 
androidx.core:core:1.16.0 -> androidx.core:core-viewtree:1.0.0
:app:debugRuntimeClasspath -> io.coil-kt:coil-compose:2.7.0 -> io.coil-kt:coil-compose-base:2.7.0 -> 
io.coil-kt:coil-base:2.7.0 -> androidx.appcompat:appcompat-resources:1.6.1 -> 
androidx.vectordrawable:vectordrawable-animated:1.1.0 -> androidx.interpolator:interpolator:1.0.0
:app:debugRuntimeClasspath -> androidx.hilt:hilt-navigation-compose:1.2.0 -> androidx.hilt:hilt-navigation:1.2.0 -> 
androidx.navigation:navigation-runtime:2.9.0 -> androidx.navigation:navigation-runtime-android:2.9.0 -> 
androidx.lifecycle:lifecycle-runtime:2.9.0
:app:debugRuntimeClasspath -> androidx.hilt:hilt-navigation-compose:1.2.0 -> androidx.hilt:hilt-navigation:1.2.0 -> 
androidx.navigation:navigation-runtime:2.9.0 -> androidx.navigation:navigation-runtime-android:2.9.0 -> 
androidx.lifecycle:lifecycle-runtime:2.9.0 -> androidx.lifecycle:lifecycle-runtime-android:2.9.0
:app:debugRuntimeClasspath -> androidx.hilt:hilt-navigation-compose:1.2.0 -> androidx.hilt:hilt-navigation:1.2.0 -> 
androidx.navigation:navigation-runtime:2.9.0 -> androidx.navigation:navigation-runtime-android:2.9.0 -> 
androidx.lifecycle:lifecycle-runtime:2.9.0 -> androidx.lifecycle:lifecycle-runtime-android:2.9.0 -> 
androidx.arch.core:core-common:2.2.0
:app:debugRuntimeClasspath -> androidx.hilt:hilt-navigation-compose:1.2.0 -> androidx.hilt:hilt-navigation:1.2.0 -> 
androidx.navigation:navigation-runtime:2.9.0 -> androidx.navigation:navigation-runtime-android:2.9.0 -> 
androidx.lifecycle:lifecycle-runtime:2.9.0 -> androidx.lifecycle:lifecycle-runtime-android:2.9.0 -> 
androidx.arch.core:core-runtime:2.2.0
:app:debugRuntimeClasspath -> com.google.dagger:hilt-android:2.55 -> androidx.lifecycle:lifecycle-common:2.9.0
:app:debugRuntimeClasspath -> com.google.dagger:hilt-android:2.55 -> androidx.lifecycle:lifecycle-common:2.9.0 -> 
androidx.lifecycle:lifecycle-common-jvm:2.9.0
:app:debugRuntimeClasspath -> androidx.compose:compose-bom:2025.05.01 -> 
androidx.compose.material3:material3-android:1.3.2 -> androidx.lifecycle:lifecycle-common-java8:2.9.0
:app:debugRuntimeClasspath -> androidx.camera:camera-core:1.4.2 -> androidx.lifecycle:lifecycle-livedata:2.9.0
:app:debugRuntimeClasspath -> com.google.dagger:hilt-android:2.55 -> androidx.fragment:fragment:1.5.1 -> 
androidx.lifecycle:lifecycle-livedata-core:2.9.0
:app:debugRuntimeClasspath -> androidx.camera:camera-view:1.4.2 -> androidx.appcompat:appcompat:1.6.1 -> 
androidx.emoji2:emoji2:1.4.0 -> androidx.lifecycle:lifecycle-process:2.9.0 -> 
androidx.lifecycle:lifecycle-livedata-core-ktx:2.9.0
:app:debugRuntimeClasspath -> androidx.lifecycle:lifecycle-runtime-compose:2.9.0
:app:debugRuntimeClasspath -> androidx.lifecycle:lifecycle-runtime-compose:2.9.0 -> 
androidx.lifecycle:lifecycle-runtime-compose-android:2.9.0
:app:debugRuntimeClasspath -> androidx.hilt:hilt-navigation-compose:1.2.0 -> androidx.compose.runtime:runtime:1.8.2
:app:debugRuntimeClasspath -> androidx.compose:compose-bom:2025.05.01 -> androidx.compose.runtime:runtime-android:1.8.2
:app:debugRuntimeClasspath -> androidx.compose:compose-bom:2025.05.01 -> 
androidx.compose.runtime:runtime-saveable:1.8.2
:app:debugRuntimeClasspath -> androidx.compose:compose-bom:2025.05.01 -> 
androidx.compose.runtime:runtime-saveable-android:1.8.2
:app:debugRuntimeClasspath -> androidx.lifecycle:lifecycle-runtime-ktx:2.9.0
:app:debugRuntimeClasspath -> androidx.lifecycle:lifecycle-runtime-ktx:2.9.0 -> 
androidx.lifecycle:lifecycle-runtime-ktx-android:2.9.0
:app:debugRuntimeClasspath -> com.google.dagger:hilt-android:2.55 -> androidx.lifecycle:lifecycle-viewmodel:2.9.0
:app:debugRuntimeClasspath -> com.google.dagger:hilt-android:2.55 -> androidx.lifecycle:lifecycle-viewmodel:2.9.0 -> 
androidx.lifecycle:lifecycle-viewmodel-android:2.9.0
:app:debugRuntimeClasspath -> androidx.hilt:hilt-work:1.2.0 -> androidx.work:work-runtime:2.10.1 -> 
androidx.lifecycle:lifecycle-service:2.9.0
:app:debugRuntimeClasspath -> androidx.lifecycle:lifecycle-viewmodel-compose:2.9.0
:app:debugRuntimeClasspath -> androidx.lifecycle:lifecycle-viewmodel-compose:2.9.0 -> 
androidx.lifecycle:lifecycle-viewmodel-compose-android:2.9.0
:app:debugRuntimeClasspath -> androidx.compose.ui:ui:1.8.2
:app:debugRuntimeClasspath -> androidx.compose:compose-bom:2025.05.01 -> androidx.compose.ui:ui-android:1.8.2
:app:debugRuntimeClasspath -> androidx.hilt:hilt-navigation-compose:1.2.0 -> androidx.hilt:hilt-navigation:1.2.0 -> 
androidx.navigation:navigation-runtime:2.9.0 -> androidx.navigation:navigation-runtime-android:2.9.0 -> 
androidx.activity:activity-ktx:1.10.1
:app:debugRuntimeClasspath -> androidx.hilt:hilt-navigation-compose:1.2.0 -> androidx.hilt:hilt-navigation:1.2.0 -> 
androidx.navigation:navigation-runtime:2.9.0 -> androidx.navigation:navigation-runtime-android:2.9.0 -> 
androidx.lifecycle:lifecycle-viewmodel-ktx:2.9.0
:app:debugRuntimeClasspath -> com.google.dagger:hilt-android:2.55 -> 
androidx.lifecycle:lifecycle-viewmodel-savedstate:2.9.0
:app:debugRuntimeClasspath -> com.google.dagger:hilt-android:2.55 -> 
androidx.lifecycle:lifecycle-viewmodel-savedstate:2.9.0 -> 
androidx.lifecycle:lifecycle-viewmodel-savedstate-android:2.9.0
:app:debugRuntimeClasspath -> com.google.dagger:hilt-android:2.55 -> androidx.savedstate:savedstate:1.3.0
:app:debugRuntimeClasspath -> com.google.dagger:hilt-android:2.55 -> androidx.savedstate:savedstate:1.3.0 -> 
androidx.savedstate:savedstate-android:1.3.0
:app:debugRuntimeClasspath -> androidx.navigation:navigation-compose:2.9.0 -> 
androidx.navigation:navigation-compose-android:2.9.0 -> androidx.savedstate:savedstate-compose:1.3.0
:app:debugRuntimeClasspath -> androidx.navigation:navigation-compose:2.9.0 -> 
androidx.navigation:navigation-compose-android:2.9.0 -> androidx.savedstate:savedstate-compose:1.3.0 -> 
androidx.savedstate:savedstate-compose-android:1.3.0
:app:debugRuntimeClasspath -> androidx.hilt:hilt-navigation-compose:1.2.0 -> androidx.hilt:hilt-navigation:1.2.0 -> 
androidx.navigation:navigation-runtime:2.9.0 -> androidx.navigation:navigation-runtime-android:2.9.0 -> 
androidx.navigation:navigation-common:2.9.0 -> androidx.navigation:navigation-common-android:2.9.0 -> 
androidx.savedstate:savedstate-ktx:1.3.0
:app:debugRuntimeClasspath -> androidx.camera:camera-view:1.4.2 -> androidx.appcompat:appcompat:1.6.1 -> 
androidx.emoji2:emoji2:1.4.0 -> androidx.lifecycle:lifecycle-process:2.9.0
:app:debugRuntimeClasspath -> androidx.hilt:hilt-work:1.2.0 -> androidx.work:work-runtime:2.10.1 -> 
androidx.startup:startup-runtime:1.1.1
:app:debugRuntimeClasspath -> androidx.camera:camera-camera2:1.4.2 -> androidx.tracing:tracing:1.2.0
:app:debugRuntimeClasspath -> androidx.camera:camera-lifecycle:1.4.2 -> androidx.tracing:tracing-ktx:1.2.0
:app:debugRuntimeClasspath -> androidx.activity:activity-compose:1.10.1
:app:debugRuntimeClasspath -> androidx.compose:compose-bom:2025.05.01 -> androidx.compose.ui:ui-android:1.8.2 -> 
androidx.autofill:autofill:1.0.0
:app:debugRuntimeClasspath -> androidx.compose:compose-bom:2025.05.01 -> androidx.compose.ui:ui-geometry:1.8.2
:app:debugRuntimeClasspath -> androidx.compose:compose-bom:2025.05.01 -> androidx.compose.ui:ui-geometry-android:1.8.2
:app:debugRuntimeClasspath -> androidx.compose:compose-bom:2025.05.01 -> androidx.compose.ui:ui-util:1.8.2
:app:debugRuntimeClasspath -> androidx.compose:compose-bom:2025.05.01 -> androidx.compose.ui:ui-util-android:1.8.2
:app:debugRuntimeClasspath -> androidx.compose.ui:ui-graphics:1.8.2
:app:debugRuntimeClasspath -> androidx.compose:compose-bom:2025.05.01 -> androidx.compose.ui:ui-graphics-android:1.8.2
:app:debugRuntimeClasspath -> androidx.compose:compose-bom:2025.05.01 -> androidx.compose.ui:ui-unit:1.8.2
:app:debugRuntimeClasspath -> androidx.compose:compose-bom:2025.05.01 -> androidx.compose.ui:ui-unit-android:1.8.2
:app:debugRuntimeClasspath -> androidx.compose:compose-bom:2025.05.01 -> androidx.compose.ui:ui-text:1.8.2
:app:debugRuntimeClasspath -> androidx.compose:compose-bom:2025.05.01 -> androidx.compose.ui:ui-text-android:1.8.2
:app:debugRuntimeClasspath -> androidx.camera:camera-view:1.4.2 -> androidx.appcompat:appcompat:1.6.1 -> 
androidx.emoji2:emoji2:1.4.0
:app:debugRuntimeClasspath -> androidx.camera:camera-view:1.4.2 -> androidx.appcompat:appcompat:1.6.1 -> 
androidx.emoji2:emoji2-views-helper:1.4.0
:app:debugRuntimeClasspath -> androidx.compose.ui:ui-text-google-fonts:1.8.2
:app:debugRuntimeClasspath -> androidx.compose.ui:ui-tooling:1.8.2
:app:debugRuntimeClasspath -> androidx.compose:compose-bom:2025.05.01 -> androidx.compose.ui:ui-tooling-android:1.8.2
:app:debugRuntimeClasspath -> androidx.compose:compose-bom:2025.05.01 -> androidx.compose.animation:animation:1.8.2
:app:debugRuntimeClasspath -> androidx.compose:compose-bom:2025.05.01 -> 
androidx.compose.animation:animation-android:1.8.2
:app:debugRuntimeClasspath -> androidx.compose:compose-bom:2025.05.01 -> 
androidx.compose.animation:animation-core:1.8.2
:app:debugRuntimeClasspath -> androidx.compose:compose-bom:2025.05.01 -> 
androidx.compose.animation:animation-core-android:1.8.2
:app:debugRuntimeClasspath -> androidx.compose:compose-bom:2025.05.01 -> 
androidx.compose.foundation:foundation-layout:1.8.2
:app:debugRuntimeClasspath -> androidx.compose:compose-bom:2025.05.01 -> 
androidx.compose.foundation:foundation-layout-android:1.8.2
:app:debugRuntimeClasspath -> androidx.compose:compose-bom:2025.05.01 -> androidx.compose.foundation:foundation:1.8.2
:app:debugRuntimeClasspath -> androidx.compose:compose-bom:2025.05.01 -> 
androidx.compose.foundation:foundation-android:1.8.2
:app:debugRuntimeClasspath -> androidx.compose:compose-bom:2025.05.01 -> androidx.compose.material:material:1.8.2
:app:debugRuntimeClasspath -> androidx.compose:compose-bom:2025.05.01 -> 
androidx.compose.material:material-android:1.8.2
:app:debugRuntimeClasspath -> androidx.compose:compose-bom:2025.05.01 -> 
androidx.compose.material:material-ripple:1.8.2
:app:debugRuntimeClasspath -> androidx.compose:compose-bom:2025.05.01 -> 
androidx.compose.material:material-ripple-android:1.8.2
:app:debugRuntimeClasspath -> androidx.compose:compose-bom:2025.05.01 -> androidx.compose.ui:ui-tooling-data:1.8.2
:app:debugRuntimeClasspath -> androidx.compose:compose-bom:2025.05.01 -> 
androidx.compose.ui:ui-tooling-data-android:1.8.2
:app:debugRuntimeClasspath -> androidx.compose.ui:ui-tooling-preview:1.8.2
:app:debugRuntimeClasspath -> androidx.compose:compose-bom:2025.05.01 -> 
androidx.compose.ui:ui-tooling-preview-android:1.8.2
:app:debugRuntimeClasspath -> androidx.compose:compose-bom:2025.05.01 -> androidx.compose.ui:ui-graphics-android:1.8.2 
-> androidx.graphics:graphics-path:1.0.1
:app:debugRuntimeClasspath -> androidx.compose:compose-bom:2025.05.01 -> androidx.compose.ui:ui-android:1.8.2 -> 
androidx.customview:customview-poolingcontainer:1.0.0
:app:debugRuntimeClasspath -> androidx.hilt:hilt-navigation-compose:1.2.0 -> androidx.hilt:hilt-navigation:1.2.0 -> 
androidx.navigation:navigation-runtime:2.9.0 -> androidx.navigation:navigation-runtime-android:2.9.0 -> 
androidx.navigation:navigation-common:2.9.0 -> androidx.navigation:navigation-common-android:2.9.0 -> 
androidx.profileinstaller:profileinstaller:1.4.0
:app:debugRuntimeClasspath -> androidx.camera:camera-view:1.4.2 -> androidx.camera:camera-video:1.4.2 -> 
androidx.core:core:1.16.0 -> androidx.versionedparcelable:versionedparcelable:1.1.1
:app:debugRuntimeClasspath -> androidx.compose:compose-bom:2025.05.01
:app:debugRuntimeClasspath -> androidx.compose.material:material-icons-extended:1.7.8
:app:debugRuntimeClasspath -> androidx.compose:compose-bom:2025.05.01 -> 
androidx.compose.material:material-icons-extended-android:1.7.8
:app:debugRuntimeClasspath -> androidx.compose:compose-bom:2025.05.01 -> 
androidx.compose.material:material-icons-core:1.7.8
:app:debugRuntimeClasspath -> androidx.compose:compose-bom:2025.05.01 -> 
androidx.compose.material:material-icons-core-android:1.7.8
:app:debugRuntimeClasspath -> androidx.compose.material3:material3:1.3.2
:app:debugRuntimeClasspath -> androidx.compose:compose-bom:2025.05.01 -> 
androidx.compose.material3:material3-android:1.3.2
:app:debugRuntimeClasspath -> androidx.navigation:navigation-compose:2.9.0
:app:debugRuntimeClasspath -> androidx.navigation:navigation-compose:2.9.0 -> 
androidx.navigation:navigation-compose-android:2.9.0
:app:debugRuntimeClasspath -> androidx.hilt:hilt-navigation-compose:1.2.0 -> androidx.hilt:hilt-navigation:1.2.0 -> 
androidx.navigation:navigation-runtime:2.9.0 -> androidx.navigation:navigation-runtime-android:2.9.0 -> 
androidx.navigation:navigation-common:2.9.0
:app:debugRuntimeClasspath -> androidx.hilt:hilt-navigation-compose:1.2.0 -> androidx.hilt:hilt-navigation:1.2.0 -> 
androidx.navigation:navigation-runtime:2.9.0 -> androidx.navigation:navigation-runtime-android:2.9.0 -> 
androidx.navigation:navigation-common:2.9.0 -> androidx.navigation:navigation-common-android:2.9.0
:app:debugRuntimeClasspath -> androidx.hilt:hilt-navigation-compose:1.2.0 -> androidx.hilt:hilt-navigation:1.2.0 -> 
androidx.navigation:navigation-runtime:2.9.0
:app:debugRuntimeClasspath -> androidx.hilt:hilt-navigation-compose:1.2.0 -> androidx.hilt:hilt-navigation:1.2.0 -> 
androidx.navigation:navigation-runtime:2.9.0 -> androidx.navigation:navigation-runtime-android:2.9.0
:app:debugRuntimeClasspath -> com.google.dagger:hilt-android:2.55 -> androidx.fragment:fragment:1.5.1
:app:debugRuntimeClasspath -> com.google.dagger:hilt-android:2.55 -> androidx.fragment:fragment:1.5.1 -> 
androidx.loader:loader:1.0.0
:app:debugRuntimeClasspath -> com.google.dagger:hilt-android:2.55 -> androidx.fragment:fragment:1.5.1 -> 
androidx.viewpager:viewpager:1.0.0
:app:debugRuntimeClasspath -> com.google.dagger:hilt-android:2.55 -> androidx.fragment:fragment:1.5.1 -> 
androidx.viewpager:viewpager:1.0.0 -> androidx.customview:customview:1.0.0
:app:debugRuntimeClasspath -> androidx.hilt:hilt-navigation-compose:1.2.0
:app:debugRuntimeClasspath -> androidx.hilt:hilt-navigation-compose:1.2.0 -> androidx.hilt:hilt-navigation:1.2.0
:app:debugRuntimeClasspath -> androidx.hilt:hilt-work:1.2.0
:app:debugRuntimeClasspath -> androidx.hilt:hilt-work:1.2.0 -> androidx.hilt:hilt-common:1.2.0
:app:debugRuntimeClasspath -> androidx.hilt:hilt-work:1.2.0 -> androidx.work:work-runtime:2.10.1
:app:debugRuntimeClasspath -> androidx.camera:camera-lifecycle:1.4.2 -> 
androidx.concurrent:concurrent-futures-ktx:1.1.0
:app:debugRuntimeClasspath -> androidx.room:room-ktx:2.7.1
:app:debugRuntimeClasspath -> androidx.room:room-runtime:2.7.1 -> androidx.room:room-runtime-android:2.7.1 -> 
androidx.room:room-common:2.7.1
:app:debugRuntimeClasspath -> androidx.room:room-runtime:2.7.1 -> androidx.room:room-runtime-android:2.7.1 -> 
androidx.room:room-common:2.7.1 -> androidx.room:room-common-jvm:2.7.1
:app:debugRuntimeClasspath -> androidx.room:room-runtime:2.7.1
:app:debugRuntimeClasspath -> androidx.room:room-runtime:2.7.1 -> androidx.room:room-runtime-android:2.7.1
:app:debugRuntimeClasspath -> androidx.room:room-runtime:2.7.1 -> androidx.room:room-runtime-android:2.7.1 -> 
androidx.sqlite:sqlite:2.5.0
:app:debugRuntimeClasspath -> androidx.room:room-runtime:2.7.1 -> androidx.room:room-runtime-android:2.7.1 -> 
androidx.sqlite:sqlite:2.5.0 -> androidx.sqlite:sqlite-android:2.5.0
:app:debugRuntimeClasspath -> androidx.room:room-runtime:2.7.1 -> androidx.room:room-runtime-android:2.7.1 -> 
androidx.sqlite:sqlite-framework:2.5.0
:app:debugRuntimeClasspath -> androidx.room:room-runtime:2.7.1 -> androidx.room:room-runtime-android:2.7.1 -> 
androidx.sqlite:sqlite-framework:2.5.0 -> androidx.sqlite:sqlite-framework-android:2.5.0
:app:debugRuntimeClasspath -> androidx.work:work-runtime-ktx:2.10.1
:app:debugRuntimeClasspath -> androidx.datastore:datastore-preferences:1.1.4
:app:debugRuntimeClasspath -> androidx.datastore:datastore-preferences:1.1.4 -> 
androidx.datastore:datastore-preferences-android:1.1.4
:app:debugRuntimeClasspath -> androidx.datastore:datastore-preferences:1.1.4 -> 
androidx.datastore:datastore-preferences-android:1.1.4 -> androidx.datastore:datastore-preferences-core:1.1.4 -> 
androidx.datastore:datastore-preferences-core-jvm:1.1.4 -> androidx.datastore:datastore-preferences-proto:1.1.4 -> 
androidx.datastore:datastore-core:1.1.4 -> androidx.datastore:datastore-core-android:1.1.4 -> 
androidx.datastore:datastore-core-okio:1.1.4 -> androidx.datastore:datastore-core-okio-jvm:1.1.4 -> 
androidx.datastore:datastore-preferences-external-protobuf:1.1.4 -> androidx.datastore:datastore:1.1.4
:app:debugRuntimeClasspath -> androidx.datastore:datastore-preferences:1.1.4 -> 
androidx.datastore:datastore-preferences-android:1.1.4 -> androidx.datastore:datastore-preferences-core:1.1.4 -> 
androidx.datastore:datastore-preferences-core-jvm:1.1.4 -> androidx.datastore:datastore-preferences-proto:1.1.4 -> 
androidx.datastore:datastore-core:1.1.4 -> androidx.datastore:datastore-core-android:1.1.4 -> 
androidx.datastore:datastore-core-okio:1.1.4 -> androidx.datastore:datastore-core-okio-jvm:1.1.4 -> 
androidx.datastore:datastore-preferences-external-protobuf:1.1.4 -> androidx.datastore:datastore:1.1.4 -> 
androidx.datastore:datastore-android:1.1.4
:app:debugRuntimeClasspath -> androidx.datastore:datastore-preferences:1.1.4 -> 
androidx.datastore:datastore-preferences-android:1.1.4 -> androidx.datastore:datastore:1.1.4 -> 
androidx.datastore:datastore-android:1.1.4 -> androidx.datastore:datastore-preferences-core:1.1.4 -> 
androidx.datastore:datastore-preferences-core-jvm:1.1.4 -> androidx.datastore:datastore-preferences-proto:1.1.4 -> 
androidx.datastore:datastore-core-okio:1.1.4 -> androidx.datastore:datastore-core-okio-jvm:1.1.4 -> 
androidx.datastore:datastore-preferences-external-protobuf:1.1.4 -> androidx.datastore:datastore-core:1.1.4
:app:debugRuntimeClasspath -> androidx.datastore:datastore-preferences:1.1.4 -> 
androidx.datastore:datastore-preferences-android:1.1.4 -> androidx.datastore:datastore:1.1.4 -> 
androidx.datastore:datastore-android:1.1.4 -> androidx.datastore:datastore-preferences-core:1.1.4 -> 
androidx.datastore:datastore-preferences-core-jvm:1.1.4 -> androidx.datastore:datastore-preferences-proto:1.1.4 -> 
androidx.datastore:datastore-core-okio:1.1.4 -> androidx.datastore:datastore-core-okio-jvm:1.1.4 -> 
androidx.datastore:datastore-preferences-external-protobuf:1.1.4 -> androidx.datastore:datastore-core:1.1.4 -> 
androidx.datastore:datastore-core-android:1.1.4
:app:debugRuntimeClasspath -> androidx.datastore:datastore-preferences:1.1.4 -> 
androidx.datastore:datastore-preferences-android:1.1.4 -> androidx.datastore:datastore:1.1.4 -> 
androidx.datastore:datastore-android:1.1.4 -> androidx.datastore:datastore-preferences-core:1.1.4 -> 
androidx.datastore:datastore-preferences-core-jvm:1.1.4 -> androidx.datastore:datastore-preferences-proto:1.1.4 -> 
androidx.datastore:datastore-core:1.1.4 -> androidx.datastore:datastore-core-android:1.1.4 -> 
androidx.datastore:datastore-preferences-external-protobuf:1.1.4 -> androidx.datastore:datastore-core-okio:1.1.4
:app:debugRuntimeClasspath -> androidx.datastore:datastore-preferences:1.1.4 -> 
androidx.datastore:datastore-preferences-android:1.1.4 -> androidx.datastore:datastore:1.1.4 -> 
androidx.datastore:datastore-android:1.1.4 -> androidx.datastore:datastore-preferences-core:1.1.4 -> 
androidx.datastore:datastore-preferences-core-jvm:1.1.4 -> androidx.datastore:datastore-preferences-proto:1.1.4 -> 
androidx.datastore:datastore-core:1.1.4 -> androidx.datastore:datastore-core-android:1.1.4 -> 
androidx.datastore:datastore-preferences-external-protobuf:1.1.4 -> androidx.datastore:datastore-core-okio:1.1.4 -> 
androidx.datastore:datastore-core-okio-jvm:1.1.4
:app:debugRuntimeClasspath -> androidx.datastore:datastore-preferences:1.1.4 -> 
androidx.datastore:datastore-preferences-android:1.1.4 -> androidx.datastore:datastore:1.1.4 -> 
androidx.datastore:datastore-android:1.1.4 -> androidx.datastore:datastore-preferences-proto:1.1.4 -> 
androidx.datastore:datastore-core:1.1.4 -> androidx.datastore:datastore-core-android:1.1.4 -> 
androidx.datastore:datastore-core-okio:1.1.4 -> androidx.datastore:datastore-core-okio-jvm:1.1.4 -> 
androidx.datastore:datastore-preferences-external-protobuf:1.1.4 -> androidx.datastore:datastore-preferences-core:1.1.4
:app:debugRuntimeClasspath -> androidx.datastore:datastore-preferences:1.1.4 -> 
androidx.datastore:datastore-preferences-android:1.1.4 -> androidx.datastore:datastore:1.1.4 -> 
androidx.datastore:datastore-android:1.1.4 -> androidx.datastore:datastore-preferences-proto:1.1.4 -> 
androidx.datastore:datastore-core:1.1.4 -> androidx.datastore:datastore-core-android:1.1.4 -> 
androidx.datastore:datastore-core-okio:1.1.4 -> androidx.datastore:datastore-core-okio-jvm:1.1.4 -> 
androidx.datastore:datastore-preferences-external-protobuf:1.1.4 -> 
androidx.datastore:datastore-preferences-core:1.1.4 -> androidx.datastore:datastore-preferences-core-jvm:1.1.4
:app:debugRuntimeClasspath -> androidx.datastore:datastore-preferences:1.1.4 -> 
androidx.datastore:datastore-preferences-android:1.1.4 -> androidx.datastore:datastore:1.1.4 -> 
androidx.datastore:datastore-android:1.1.4 -> androidx.datastore:datastore-preferences-core:1.1.4 -> 
androidx.datastore:datastore-preferences-core-jvm:1.1.4 -> androidx.datastore:datastore-core:1.1.4 -> 
androidx.datastore:datastore-core-android:1.1.4 -> androidx.datastore:datastore-core-okio:1.1.4 -> 
androidx.datastore:datastore-core-okio-jvm:1.1.4 -> androidx.datastore:datastore-preferences-external-protobuf:1.1.4 
-> androidx.datastore:datastore-preferences-proto:1.1.4
:app:debugRuntimeClasspath -> androidx.datastore:datastore-preferences:1.1.4 -> 
androidx.datastore:datastore-preferences-android:1.1.4 -> androidx.datastore:datastore:1.1.4 -> 
androidx.datastore:datastore-android:1.1.4 -> androidx.datastore:datastore-preferences-core:1.1.4 -> 
androidx.datastore:datastore-preferences-core-jvm:1.1.4 -> androidx.datastore:datastore-preferences-proto:1.1.4 -> 
androidx.datastore:datastore-core:1.1.4 -> androidx.datastore:datastore-core-android:1.1.4 -> 
androidx.datastore:datastore-core-okio:1.1.4 -> androidx.datastore:datastore-core-okio-jvm:1.1.4 -> 
androidx.datastore:datastore-preferences-external-protobuf:1.1.4
:app:debugRuntimeClasspath -> androidx.camera:camera-core:1.4.2
:app:debugRuntimeClasspath -> androidx.camera:camera-core:1.4.2 -> androidx.exifinterface:exifinterface:1.3.7
:app:debugRuntimeClasspath -> androidx.camera:camera-camera2:1.4.2
:app:debugRuntimeClasspath -> androidx.camera:camera-lifecycle:1.4.2
:app:debugRuntimeClasspath -> androidx.camera:camera-view:1.4.2
:app:debugRuntimeClasspath -> androidx.camera:camera-view:1.4.2 -> androidx.appcompat:appcompat:1.6.1
:app:debugRuntimeClasspath -> io.coil-kt:coil-compose:2.7.0 -> io.coil-kt:coil-compose-base:2.7.0 -> 
io.coil-kt:coil-base:2.7.0 -> androidx.appcompat:appcompat-resources:1.6.1
:app:debugRuntimeClasspath -> io.coil-kt:coil-compose:2.7.0 -> io.coil-kt:coil-compose-base:2.7.0 -> 
io.coil-kt:coil-base:2.7.0 -> androidx.appcompat:appcompat-resources:1.6.1 -> 
androidx.vectordrawable:vectordrawable:1.1.0
:app:debugRuntimeClasspath -> io.coil-kt:coil-compose:2.7.0 -> io.coil-kt:coil-compose-base:2.7.0 -> 
io.coil-kt:coil-base:2.7.0 -> androidx.appcompat:appcompat-resources:1.6.1 -> 
androidx.vectordrawable:vectordrawable-animated:1.1.0
:app:debugRuntimeClasspath -> androidx.camera:camera-view:1.4.2 -> androidx.appcompat:appcompat:1.6.1 -> 
androidx.cursoradapter:cursoradapter:1.0.0
:app:debugRuntimeClasspath -> androidx.camera:camera-view:1.4.2 -> androidx.appcompat:appcompat:1.6.1 -> 
androidx.drawerlayout:drawerlayout:1.0.0
:app:debugRuntimeClasspath -> androidx.camera:camera-view:1.4.2 -> androidx.appcompat:appcompat:1.6.1 -> 
androidx.resourceinspection:resourceinspection-annotation:1.0.1
:app:debugRuntimeClasspath -> androidx.camera:camera-view:1.4.2 -> androidx.camera:camera-video:1.4.2
	at com.android.builder.errors.IssueReporter.reportError(IssueReporter.kt:118)
	at com.android.builder.errors.IssueReporter.reportError$default(IssueReporter.kt:114)
	at com.android.build.gradle.internal.dependency.AndroidXDependencyCheck$AndroidXDisabledJetifierDisabled.execute(Andro
idXDependencyCheck.kt:72)
	at com.android.build.gradle.internal.dependency.AndroidXDependencyCheck$AndroidXDisabledJetifierDisabled.execute(Andro
idXDependencyCheck.kt:40)
	at org.gradle.internal.code.DefaultUserCodeApplicationContext$CurrentApplication$1.execute(DefaultUserCodeApplicationC
ontext.java:124)
	at org.gradle.internal.event.BroadcastDispatch$ActionInvocationHandler.dispatch(BroadcastDispatch.java:101)
	at org.gradle.internal.event.BroadcastDispatch$ActionInvocationHandler.dispatch(BroadcastDispatch.java:89)
	at org.gradle.internal.event.AbstractBroadcastDispatch.dispatch(AbstractBroadcastDispatch.java:44)
	at org.gradle.internal.event.BroadcastDispatch$SingletonDispatch.dispatch(BroadcastDispatch.java:270)
	at org.gradle.internal.event.BroadcastDispatch$SingletonDispatch.dispatch(BroadcastDispatch.java:172)
	at org.gradle.internal.event.AbstractBroadcastDispatch.dispatch(AbstractBroadcastDispatch.java:84)
	at org.gradle.internal.event.AbstractBroadcastDispatch.dispatch(AbstractBroadcastDispatch.java:70)
	at org.gradle.internal.event.BroadcastDispatch$CompositeDispatch.dispatch(BroadcastDispatch.java:382)
	at org.gradle.internal.event.BroadcastDispatch$CompositeDispatch.dispatch(BroadcastDispatch.java:274)
	at org.gradle.internal.event.ListenerBroadcast.dispatch(ListenerBroadcast.java:160)
	at org.gradle.internal.event.ListenerBroadcast.dispatch(ListenerBroadcast.java:37)
	at org.gradle.internal.dispatch.ProxyDispatchAdapter$DispatchingInvocationHandler.invoke(ProxyDispatchAdapter.java:88)
	at jdk.proxy1/jdk.proxy1.$Proxy62.afterResolve(Unknown Source)
	at org.gradle.api.internal.artifacts.configurations.DefaultConfiguration$1.call(DefaultConfiguration.java:677)
	at org.gradle.api.internal.artifacts.configurations.DefaultConfiguration$1.call(DefaultConfiguration.java:661)
	at org.gradle.internal.operations.DefaultBuildOperationRunner$CallableBuildOperationWorker.execute(DefaultBuildOperati
onRunner.java:210)
	at org.gradle.internal.operations.DefaultBuildOperationRunner$CallableBuildOperationWorker.execute(DefaultBuildOperati
onRunner.java:205)
	at org.gradle.internal.operations.DefaultBuildOperationRunner$2.execute(DefaultBuildOperationRunner.java:67)
	at org.gradle.internal.operations.DefaultBuildOperationRunner$2.execute(DefaultBuildOperationRunner.java:60)
	at org.gradle.internal.operations.DefaultBuildOperationRunner.execute(DefaultBuildOperationRunner.java:167)
	at org.gradle.internal.operations.DefaultBuildOperationRunner.execute(DefaultBuildOperationRunner.java:60)
	at org.gradle.internal.operations.DefaultBuildOperationRunner.call(DefaultBuildOperationRunner.java:54)
	at org.gradle.api.internal.artifacts.configurations.DefaultConfiguration.resolveGraphInBuildOperation(DefaultConfigura
tion.java:661)
	at org.gradle.api.internal.artifacts.configurations.DefaultConfiguration.lambda$resolveExclusivelyIfRequired$5(Default
Configuration.java:653)
	at org.gradle.api.internal.project.DefaultProjectStateRegistry$CalculatedModelValueImpl.update(DefaultProjectStateRegi
stry.java:546)
	at org.gradle.api.internal.artifacts.configurations.DefaultConfiguration.resolveExclusivelyIfRequired(DefaultConfigura
tion.java:648)
	at org.gradle.api.internal.artifacts.configurations.DefaultConfiguration.resolveGraphIfRequired(DefaultConfiguration.j
ava:641)
	at org.gradle.api.internal.artifacts.configurations.DefaultConfiguration.access$900(DefaultConfiguration.java:147)
	at org.gradle.api.internal.artifacts.configurations.DefaultConfiguration$ResolverResultsResolutionResultProvider.getVa
lue(DefaultConfiguration.java:623)
	at org.gradle.api.internal.artifacts.configurations.DefaultConfiguration$ResolverResultsResolutionResultProvider.getVa
lue(DefaultConfiguration.java:609)
	at 
org.gradle.api.internal.artifacts.configurations.ResolutionResultProvider$1.getValue(ResolutionResultProvider.java:54)
	at org.gradle.api.internal.artifacts.configurations.ResolutionResultProviderBackedSelectedArtifactSet.visitArtifacts(R
esolutionResultProviderBackedSelectedArtifactSet.java:50)
	at org.gradle.api.internal.artifacts.ivyservice.resolveengine.artifact.SelectedArtifactSet.visitFiles(SelectedArtifact
Set.java:34)
	at org.gradle.api.internal.artifacts.configurations.ResolutionBackedFileCollection.visitContents(ResolutionBackedFileC
ollection.java:75)
	at org.gradle.api.internal.file.AbstractFileCollection.visitStructure(AbstractFileCollection.java:361)
	at org.gradle.api.internal.file.CompositeFileCollection.lambda$visitContents$0(CompositeFileCollection.java:112)
	at org.gradle.api.internal.file.collections.UnpackingVisitor.add(UnpackingVisitor.java:66)
	at org.gradle.api.internal.file.collections.UnpackingVisitor.add(UnpackingVisitor.java:91)
	at org.gradle.api.internal.file.DefaultFileCollectionFactory$ResolvingFileCollection.visitChildren(DefaultFileCollecti
onFactory.java:311)
	at org.gradle.api.internal.file.CompositeFileCollection.visitContents(CompositeFileCollection.java:112)
	at org.gradle.api.internal.file.AbstractFileCollection.visitStructure(AbstractFileCollection.java:361)
	at org.gradle.api.internal.file.CompositeFileCollection.lambda$visitContents$0(CompositeFileCollection.java:112)
	at org.gradle.api.internal.tasks.PropertyFileCollection.visitChildren(PropertyFileCollection.java:48)
	at org.gradle.api.internal.file.CompositeFileCollection.visitContents(CompositeFileCollection.java:112)
	at org.gradle.api.internal.file.AbstractFileCollection.visitStructure(AbstractFileCollection.java:361)
	at org.gradle.internal.fingerprint.impl.DefaultFileCollectionSnapshotter.snapshot(DefaultFileCollectionSnapshotter.jav
a:48)
	at org.gradle.internal.execution.impl.DefaultInputFingerprinter$InputCollectingVisitor.visitInputFileProperty(DefaultI
nputFingerprinter.java:151)
	at org.gradle.api.internal.tasks.execution.TaskExecution.visitMutableInputs(TaskExecution.java:345)
	at org.gradle.internal.execution.impl.DefaultInputFingerprinter.fingerprintInputProperties(DefaultInputFingerprinter.j
ava:77)
	at org.gradle.internal.execution.steps.CaptureMutableStateBeforeExecutionStep.captureExecutionStateWithOutputs(Capture
MutableStateBeforeExecutionStep.java:124)
	at org.gradle.internal.execution.steps.CaptureMutableStateBeforeExecutionStep.lambda$captureExecutionState$0(CaptureMu
tableStateBeforeExecutionStep.java:94)
	at org.gradle.internal.execution.steps.BuildOperationStep$1.call(BuildOperationStep.java:38)
	at org.gradle.internal.operations.DefaultBuildOperationRunner$CallableBuildOperationWorker.execute(DefaultBuildOperati
onRunner.java:210)
	at org.gradle.internal.operations.DefaultBuildOperationRunner$CallableBuildOperationWorker.execute(DefaultBuildOperati
onRunner.java:205)
	at org.gradle.internal.operations.DefaultBuildOperationRunner$2.execute(DefaultBuildOperationRunner.java:67)
	at org.gradle.internal.operations.DefaultBuildOperationRunner$2.execute(DefaultBuildOperationRunner.java:60)
	at org.gradle.internal.operations.DefaultBuildOperationRunner.execute(DefaultBuildOperationRunner.java:167)
	at org.gradle.internal.operations.DefaultBuildOperationRunner.execute(DefaultBuildOperationRunner.java:60)
	at org.gradle.internal.operations.DefaultBuildOperationRunner.call(DefaultBuildOperationRunner.java:54)
	at org.gradle.internal.execution.steps.BuildOperationStep.operation(BuildOperationStep.java:35)
	at org.gradle.internal.execution.steps.CaptureMutableStateBeforeExecutionStep.captureExecutionState(CaptureMutableStat
eBeforeExecutionStep.java:92)
	at org.gradle.internal.execution.steps.CaptureMutableStateBeforeExecutionStep.executeMutable(CaptureMutableStateBefore
ExecutionStep.java:73)
	at org.gradle.internal.execution.steps.CaptureMutableStateBeforeExecutionStep.execute(CaptureMutableStateBeforeExecuti
onStep.java:65)
	at org.gradle.internal.execution.steps.CaptureMutableStateBeforeExecutionStep.execute(CaptureMutableStateBeforeExecuti
onStep.java:45)
	at org.gradle.internal.execution.steps.SkipEmptyMutableWorkStep.executeWithNonEmptySources(SkipEmptyMutableWorkStep.ja
va:210)
	at org.gradle.internal.execution.steps.SkipEmptyMutableWorkStep.executeMutable(SkipEmptyMutableWorkStep.java:85)
	at org.gradle.internal.execution.steps.SkipEmptyMutableWorkStep.executeMutable(SkipEmptyMutableWorkStep.java:53)
	at org.gradle.internal.execution.steps.MutableStep.execute(MutableStep.java:26)
	at org.gradle.internal.execution.steps.legacy.MarkSnapshottingInputsStartedStep.execute(MarkSnapshottingInputsStartedS
tep.java:38)
	at org.gradle.internal.execution.steps.LoadPreviousExecutionStateStep.executeMutable(LoadPreviousExecutionStateStep.ja
va:36)
	at org.gradle.internal.execution.steps.LoadPreviousExecutionStateStep.executeMutable(LoadPreviousExecutionStateStep.ja
va:23)
	at org.gradle.internal.execution.steps.MutableStep.execute(MutableStep.java:26)
	at org.gradle.internal.execution.steps.HandleStaleOutputsStep.executeMutable(HandleStaleOutputsStep.java:77)
	at org.gradle.internal.execution.steps.HandleStaleOutputsStep.executeMutable(HandleStaleOutputsStep.java:43)
	at org.gradle.internal.execution.steps.MutableStep.execute(MutableStep.java:26)
	at org.gradle.internal.execution.steps.AssignMutableWorkspaceStep.lambda$executeMutable$0(AssignMutableWorkspaceStep.j
ava:34)
	at org.gradle.api.internal.tasks.execution.TaskExecution$4.withWorkspace(TaskExecution.java:305)
	at org.gradle.internal.execution.steps.AssignMutableWorkspaceStep.executeMutable(AssignMutableWorkspaceStep.java:30)
	at org.gradle.internal.execution.steps.AssignMutableWorkspaceStep.executeMutable(AssignMutableWorkspaceStep.java:21)
	at org.gradle.internal.execution.steps.MutableStep.execute(MutableStep.java:26)
	at org.gradle.internal.execution.steps.ChoosePipelineStep.execute(ChoosePipelineStep.java:40)
	at org.gradle.internal.execution.steps.ChoosePipelineStep.execute(ChoosePipelineStep.java:23)
	at org.gradle.internal.execution.steps.ExecuteWorkBuildOperationFiringStep.lambda$execute$2(ExecuteWorkBuildOperationF
iringStep.java:67)
	at org.gradle.internal.execution.steps.ExecuteWorkBuildOperationFiringStep.execute(ExecuteWorkBuildOperationFiringStep
.java:67)
	at org.gradle.internal.execution.steps.ExecuteWorkBuildOperationFiringStep.execute(ExecuteWorkBuildOperationFiringStep
.java:39)
	at org.gradle.internal.execution.steps.IdentityCacheStep.execute(IdentityCacheStep.java:46)
	at org.gradle.internal.execution.steps.IdentityCacheStep.execute(IdentityCacheStep.java:34)
	at org.gradle.internal.execution.steps.IdentifyStep.execute(IdentifyStep.java:56)
	at org.gradle.internal.execution.steps.IdentifyStep.execute(IdentifyStep.java:38)
	at org.gradle.internal.execution.impl.DefaultExecutionEngine$1.execute(DefaultExecutionEngine.java:68)
	at 
org.gradle.api.internal.tasks.execution.ExecuteActionsTaskExecuter.executeIfValid(ExecuteActionsTaskExecuter.java:132)
	at org.gradle.api.internal.tasks.execution.ExecuteActionsTaskExecuter.execute(ExecuteActionsTaskExecuter.java:121)
	at org.gradle.api.internal.tasks.execution.ProblemsTaskPathTrackingTaskExecuter.execute(ProblemsTaskPathTrackingTaskEx
ecuter.java:41)
	at org.gradle.api.internal.tasks.execution.ResolveTaskExecutionModeExecuter.execute(ResolveTaskExecutionModeExecuter.j
ava:51)
	at 
org.gradle.api.internal.tasks.execution.FinalizePropertiesTaskExecuter.execute(FinalizePropertiesTaskExecuter.java:46)
	at 
org.gradle.api.internal.tasks.execution.SkipTaskWithNoActionsExecuter.execute(SkipTaskWithNoActionsExecuter.java:57)
	at org.gradle.api.internal.tasks.execution.SkipOnlyIfTaskExecuter.execute(SkipOnlyIfTaskExecuter.java:74)
	at org.gradle.api.internal.tasks.execution.CatchExceptionTaskExecuter.execute(CatchExceptionTaskExecuter.java:36)
	... 23 more


BUILD FAILED in 9s

Deprecated Gradle features were used in this build, making it incompatible with Gradle 10.

You can use '--warning-mode all' to show the individual deprecation warnings and determine if they come from your own scripts or plugins.

For more on this, please refer to https://docs.gradle.org/9.4.1/userguide/command_line_interface.html#sec:command_line_warnings in the Gradle documentation.
2 actionable tasks: 1 executed, 1 up-to-date
